// Vitest Snapshot v1, https://vitest.dev/guide/snapshot.html

exports[`Header version badge > header snapshot includes version badge 1`] = `
<div>
  <header
    class="header-controls"
    role="banner"
  >
    <div
      class="header-title-group"
    >
      <h1>
        <span
          aria-label="Free Parking icon"
          class="title-icon"
          role="img"
        >
          P
        </span>
        <span
          class="title-text-full"
        >
           
          Free Parking
        </span>
        <span
          class="title-text-short"
        >
           
          Parking
        </span>
      </h1>
      <div
        aria-live="polite"
        class="status-info"
        role="status"
      >
        ok
        <span
          aria-hidden="false"
          class="app-version"
          title="version 9.9.9-snap"
        >
          v
          9.9.9-snap
        </span>
      </div>
    </div>
    <div
      aria-label="Main navigation"
      class="header-actions"
      role="navigation"
    >
      <button
        aria-label="Refresh data"
        class="nav-btn"
      >
        <span
          aria-label="Refresh icon"
          class="btn-icon"
          role="img"
        >
          ⟳
        </span>
        <span
          class="btn-text"
        >
          Refresh
        </span>
      </button>
      <button
        aria-label="Go to statistics"
        class="nav-btn"
      >
        <span
          aria-label="Chart icon"
          class="btn-icon"
          role="img"
        >
          📊
        </span>
        <span
          class="btn-text"
        >
          Statistics
        </span>
      </button>
      <div
        class="tooltip-wrapper"
      >
        <a
          aria-describedby="donate-tooltip"
          aria-label="Buy coffe to — support development (opens in new tab)"
          class="nav-btn donate-btn"
          href="https://buycoffee.to/piotereks"
          rel="noopener noreferrer"
          target="_blank"
        >
          <span
            class="btn-text"
          >
            Buy 
          </span>
          <span
            aria-hidden="true"
            class="donate-badge"
          >
            ☕
          </span>
        </a>
        <div
          class="tooltip-text"
          data-placement="bottom"
          id="donate-tooltip"
          role="tooltip"
        >
          <div>
            Support the project — small, one-time donations.
          </div>
          <div
            class="tooltip-sub"
          >
            <span
              class="tooltip-line"
            >
              Visit
            </span>
            <span
              class="tooltip-link"
            >
              BuyCoffee.to/piotereks
            </span>
          </div>
        </div>
      </div>
      <button
        aria-label="Switch to light theme"
        class="theme-toggle"
      >
        ☀️
      </button>
    </div>
  </header>
</div>
`;
